// Jest Snapshot v1, https://goo.gl/fbAQLP

exports[`mongodb - returns a 422 if user email does not exist 1`] = `
Array [
  Object {
    "field": "email",
    "message": "Invalid email address.",
  },
]
`;

exports[`mongodb - returns a 422 if user email does not exist 2`] = `
Array [
  Object {
    "field": "email",
    "message": "Invalid email address.",
  },
]
`;

exports[`mongodb - sends email on successful forgot password request 1`] = `
Object {
  "message": "Please check your email for steps to reset your password.",
}
`;

exports[`mysql - returns a 422 if user email does not exist 1`] = `
Array [
  Object {
    "field": "email",
    "message": "Invalid email address.",
  },
]
`;

exports[`mysql - returns a 422 if user email does not exist 2`] = `
Array [
  Object {
    "field": "email",
    "message": "Invalid email address.",
  },
]
`;

exports[`mysql - sends email on successful forgot password request 1`] = `
Object {
  "message": "Please check your email for steps to reset your password.",
}
`;

exports[`pg - returns a 422 if user email does not exist 1`] = `
Array [
  Object {
    "field": "email",
    "message": "Invalid email address.",
  },
]
`;

exports[`pg - returns a 422 if user email does not exist 2`] = `
Array [
  Object {
    "field": "email",
    "message": "Invalid email address.",
  },
]
`;

exports[`pg - sends email on successful forgot password request 1`] = `
Object {
  "message": "Please check your email for steps to reset your password.",
}
`;

exports[`sqlite3 - returns a 422 if user email does not exist 1`] = `
Array [
  Object {
    "field": "email",
    "message": "Invalid email address.",
  },
]
`;

exports[`sqlite3 - returns a 422 if user email does not exist 2`] = `
Array [
  Object {
    "field": "email",
    "message": "Invalid email address.",
  },
]
`;

exports[`sqlite3 - sends email on successful forgot password request 1`] = `
Object {
  "message": "Please check your email for steps to reset your password.",
}
`;
