// Jest Snapshot v1, https://goo.gl/fbAQLP

exports[`mysql - returns a 422 if user does not exist in database 1`] = `
Object {
  "message": "Invalid credentials.",
}
`;

exports[`mysql - returns a 422 if user password is wrong 1`] = `
Object {
  "message": "Invalid credentials.",
}
`;

exports[`mysql - validates login data and returns error messages with a 422 1`] = `
Object {
  "errors": Array [
    Object {
      "field": "email",
      "message": "The email is required.",
      "validation": "required",
    },
    Object {
      "field": "password",
      "message": "The password is required.",
      "validation": "required",
    },
  ],
  "message": "Validation failed.",
}
`;

exports[`pg - returns a 422 if user does not exist in database 1`] = `
Object {
  "message": "Invalid credentials.",
}
`;

exports[`pg - returns a 422 if user password is wrong 1`] = `
Object {
  "message": "Invalid credentials.",
}
`;

exports[`pg - validates login data and returns error messages with a 422 1`] = `
Object {
  "errors": Array [
    Object {
      "field": "email",
      "message": "The email is required.",
      "validation": "required",
    },
    Object {
      "field": "password",
      "message": "The password is required.",
      "validation": "required",
    },
  ],
  "message": "Validation failed.",
}
`;

exports[`sqlite3 - returns a 422 if user does not exist in database 1`] = `
Object {
  "message": "Invalid credentials.",
}
`;

exports[`sqlite3 - returns a 422 if user password is wrong 1`] = `
Object {
  "message": "Invalid credentials.",
}
`;

exports[`sqlite3 - validates login data and returns error messages with a 422 1`] = `
Object {
  "errors": Array [
    Object {
      "field": "email",
      "message": "The email is required.",
      "validation": "required",
    },
    Object {
      "field": "password",
      "message": "The password is required.",
      "validation": "required",
    },
  ],
  "message": "Validation failed.",
}
`;
