// Jest Snapshot v1, https://goo.gl/fbAQLP

exports[`can fetch the index.html file on all subroutes of the dashboard page 1`] = `
"<!DOCTYPE html>
<html lang=\\"en\\">
<head>
    <meta charset=\\"UTF-8\\">
    <meta name=\\"viewport\\" content=\\"width=device-width, initial-scale=1.0\\">
    <meta http-equiv=\\"X-UA-Compatible\\" content=\\"ie=edge\\">
    <title>Flamingo</title>
        <link media=\\"all\\" href=\\"/flamingo.css\\" rel=\\"stylesheet\\" />
</head>
<body class='antialiased'>
    <div id=\\"app\\"></div>

    <script>
        window.flamingoDefaultState = {
            user: '',
            resources: '[{\\"fields\\":[{\\"showOnIndex\\":true,\\"showOnUpdate\\":false,\\"showOnDetail\\":true,\\"showOnCreation\\":false,\\"name\\":\\"ID\\",\\"component\\":\\"IDField\\",\\"description\\":\\"\\",\\"isNullable\\":true,\\"isSortable\\":false,\\"isUnique\\":false,\\"isSearchable\\":false,\\"attributes\\":{},\\"rules\\":[],\\"inputName\\":\\"id\\",\\"defaultValue\\":\\"\\",\\"updateRules\\":[],\\"creationRules\\":[],\\"fieldName\\":\\"ID\\",\\"databaseField\\":\\"id\\",\\"sqlDatabaseFieldType\\":\\"increments\\",\\"isRelationshipField\\":false,\\"asString\\":false,\\"asObjectId\\":true},{\\"showOnIndex\\":true,\\"showOnUpdate\\":true,\\"showOnDetail\\":true,\\"showOnCreation\\":true,\\"name\\":\\"Name\\",\\"component\\":\\"TextField\\",\\"description\\":\\"\\",\\"isNullable\\":true,\\"isSortable\\":false,\\"isUnique\\":false,\\"isSearchable\\":false,\\"attributes\\":{},\\"rules\\":[],\\"inputName\\":\\"name\\",\\"defaultValue\\":\\"\\",\\"updateRules\\":[],\\"creationRules\\":[],\\"fieldName\\":\\"Text\\",\\"databaseField\\":\\"name\\",\\"sqlDatabaseFieldType\\":\\"string\\",\\"isRelationshipField\\":false},{\\"showOnIndex\\":true,\\"showOnUpdate\\":true,\\"showOnDetail\\":true,\\"showOnCreation\\":true,\\"name\\":\\"Email\\",\\"component\\":\\"TextField\\",\\"description\\":\\"\\",\\"isNullable\\":true,\\"isSortable\\":false,\\"isUnique\\":true,\\"isSearchable\\":true,\\"attributes\\":{},\\"rules\\":[],\\"inputName\\":\\"email\\",\\"defaultValue\\":\\"\\",\\"updateRules\\":[],\\"creationRules\\":[],\\"fieldName\\":\\"Text\\",\\"databaseField\\":\\"email\\",\\"sqlDatabaseFieldType\\":\\"string\\",\\"isRelationshipField\\":false},{\\"showOnIndex\\":true,\\"showOnUpdate\\":true,\\"showOnDetail\\":true,\\"showOnCreation\\":true,\\"name\\":\\"Password\\",\\"component\\":\\"TextField\\",\\"description\\":\\"\\",\\"isNullable\\":true,\\"isSortable\\":false,\\"isUnique\\":false,\\"isSearchable\\":false,\\"attributes\\":{},\\"rules\\":[],\\"inputName\\":\\"password\\",\\"defaultValue\\":\\"\\",\\"updateRules\\":[],\\"creationRules\\":[],\\"fieldName\\":\\"Text\\",\\"databaseField\\":\\"password\\",\\"sqlDatabaseFieldType\\":\\"string\\",\\"isRelationshipField\\":false}],\\"table\\":\\"administrators\\",\\"name\\":\\"Administrator\\",\\"slug\\":\\"administrators\\",\\"label\\":\\"Administrators\\",\\"group\\":\\"default\\",\\"displayField\\":\\"id\\",\\"valueField\\":\\"id\\",\\"noTimeStamps\\":false,\\"validationMessages\\":{\\"required\\":\\"The {{ field }} is required.\\",\\"email\\":\\"The {{ field }} must be a valid email address.\\"},\\"displayInNavigation\\":false,\\"perPageOptions\\":[10,25,50]},{\\"fields\\":[{\\"showOnIndex\\":true,\\"showOnUpdate\\":false,\\"showOnDetail\\":true,\\"showOnCreation\\":false,\\"name\\":\\"ID\\",\\"component\\":\\"IDField\\",\\"description\\":\\"\\",\\"isNullable\\":true,\\"isSortable\\":false,\\"isUnique\\":false,\\"isSearchable\\":false,\\"attributes\\":{},\\"rules\\":[],\\"inputName\\":\\"id\\",\\"defaultValue\\":\\"\\",\\"updateRules\\":[],\\"creationRules\\":[],\\"fieldName\\":\\"ID\\",\\"databaseField\\":\\"id\\",\\"sqlDatabaseFieldType\\":\\"increments\\",\\"isRelationshipField\\":false,\\"asString\\":false,\\"asObjectId\\":true},{\\"showOnIndex\\":true,\\"showOnUpdate\\":true,\\"showOnDetail\\":true,\\"showOnCreation\\":true,\\"name\\":\\"Title\\",\\"component\\":\\"TextField\\",\\"description\\":\\"\\",\\"isNullable\\":true,\\"isSortable\\":true,\\"isUnique\\":true,\\"isSearchable\\":true,\\"attributes\\":{},\\"rules\\":[\\"required\\",\\"max:24\\"],\\"inputName\\":\\"title\\",\\"defaultValue\\":\\"\\",\\"updateRules\\":[],\\"creationRules\\":[],\\"fieldName\\":\\"Text\\",\\"databaseField\\":\\"title\\",\\"sqlDatabaseFieldType\\":\\"string\\",\\"isRelationshipField\\":false},{\\"showOnIndex\\":true,\\"showOnUpdate\\":true,\\"showOnDetail\\":true,\\"showOnCreation\\":true,\\"name\\":\\"Description\\",\\"component\\":\\"TextField\\",\\"description\\":\\"\\",\\"isNullable\\":true,\\"isSortable\\":false,\\"isUnique\\":false,\\"isSearchable\\":false,\\"attributes\\":{},\\"rules\\":[\\"required\\"],\\"inputName\\":\\"description\\",\\"defaultValue\\":\\"\\",\\"updateRules\\":[],\\"creationRules\\":[],\\"fieldName\\":\\"Text\\",\\"databaseField\\":\\"description\\",\\"sqlDatabaseFieldType\\":\\"string\\",\\"isRelationshipField\\":false},{\\"showOnIndex\\":false,\\"showOnUpdate\\":true,\\"showOnDetail\\":true,\\"showOnCreation\\":true,\\"name\\":\\"Content\\",\\"component\\":\\"TextareaField\\",\\"description\\":\\"\\",\\"isNullable\\":true,\\"isSortable\\":false,\\"isUnique\\":false,\\"isSearchable\\":false,\\"attributes\\":{},\\"rules\\":[\\"required\\",\\"max:2000\\",\\"min:12\\"],\\"inputName\\":\\"content\\",\\"defaultValue\\":\\"\\",\\"updateRules\\":[],\\"creationRules\\":[],\\"fieldName\\":\\"Textarea\\",\\"databaseField\\":\\"content\\",\\"sqlDatabaseFieldType\\":\\"text\\",\\"isRelationshipField\\":false},{\\"showOnIndex\\":true,\\"showOnUpdate\\":true,\\"showOnDetail\\":false,\\"showOnCreation\\":true,\\"name\\":\\"Av. CPC\\",\\"component\\":\\"IntegerField\\",\\"description\\":\\"\\",\\"isNullable\\":true,\\"isSortable\\":false,\\"isUnique\\":false,\\"isSearchable\\":false,\\"attributes\\":{},\\"rules\\":[\\"required\\"],\\"inputName\\":\\"av_cpc\\",\\"defaultValue\\":\\"\\",\\"updateRules\\":[],\\"creationRules\\":[],\\"fieldName\\":\\"Integer\\",\\"databaseField\\":\\"av_cpc\\",\\"sqlDatabaseFieldType\\":\\"integer\\",\\"isRelationshipField\\":false,\\"isUnsigned\\":false,\\"isForeign\\":false},{\\"showOnIndex\\":true,\\"showOnUpdate\\":true,\\"showOnDetail\\":true,\\"showOnCreation\\":true,\\"name\\":\\"Category\\",\\"component\\":\\"SelectField\\",\\"description\\":\\"\\",\\"isNullable\\":true,\\"isSortable\\":false,\\"isUnique\\":false,\\"isSearchable\\":true,\\"attributes\\":{},\\"rules\\":[\\"required\\"],\\"inputName\\":\\"category\\",\\"defaultValue\\":\\"\\",\\"updateRules\\":[],\\"creationRules\\":[],\\"fieldName\\":\\"Select\\",\\"databaseField\\":\\"category\\",\\"sqlDatabaseFieldType\\":\\"enu\\",\\"isRelationshipField\\":false,\\"selectOptions\\":[{\\"label\\":\\"Javascript\\",\\"value\\":\\"javascript\\"},{\\"label\\":\\"Angular\\",\\"value\\":\\"angular\\"},{\\"label\\":\\"Mysql\\",\\"value\\":\\"mysql\\"},{\\"label\\":\\"Postgresql\\",\\"value\\":\\"pg\\"}]},{\\"showOnIndex\\":false,\\"showOnUpdate\\":true,\\"showOnDetail\\":true,\\"showOnCreation\\":true,\\"name\\":\\"User\\",\\"component\\":\\"BelongsToField\\",\\"description\\":\\"\\",\\"isNullable\\":true,\\"isSortable\\":false,\\"isUnique\\":false,\\"isSearchable\\":true,\\"attributes\\":{},\\"rules\\":[\\"required\\"],\\"inputName\\":\\"user_id\\",\\"defaultValue\\":\\"\\",\\"updateRules\\":[],\\"creationRules\\":[],\\"fieldName\\":\\"BelongsTo\\",\\"databaseField\\":\\"user_id\\",\\"sqlDatabaseFieldType\\":\\"integer\\",\\"isRelationshipField\\":false,\\"isUnsigned\\":true,\\"isForeign\\":true},{\\"showOnIndex\\":true,\\"showOnUpdate\\":true,\\"showOnDetail\\":true,\\"showOnCreation\\":true,\\"name\\":\\"Published At\\",\\"component\\":\\"DateField\\",\\"description\\":\\"\\",\\"isNullable\\":false,\\"isSortable\\":false,\\"isUnique\\":false,\\"isSearchable\\":false,\\"attributes\\":{},\\"rules\\":[\\"required\\",\\"date\\"],\\"inputName\\":\\"published_at\\",\\"defaultValue\\":\\"08/16/2020\\",\\"updateRules\\":[],\\"creationRules\\":[],\\"fieldName\\":\\"DateField\\",\\"databaseField\\":\\"published_at\\",\\"sqlDatabaseFieldType\\":\\"date\\",\\"isRelationshipField\\":false,\\"format\\":\\"do MMM yyyy, hh:mm a\\",\\"firstDayOfWeek\\":4,\\"defaultToNow\\":false,\\"pickerFormat\\":\\"MM/dd/yyyy\\"},{\\"showOnIndex\\":true,\\"showOnUpdate\\":true,\\"showOnDetail\\":true,\\"showOnCreation\\":true,\\"name\\":\\"Scheduled For\\",\\"component\\":\\"DateTimeField\\",\\"description\\":\\"\\",\\"isNullable\\":true,\\"isSortable\\":false,\\"isUnique\\":false,\\"isSearchable\\":false,\\"attributes\\":{},\\"rules\\":[\\"required\\",\\"date\\"],\\"inputName\\":\\"scheduled_for\\",\\"defaultValue\\":\\"08/16/2020\\",\\"updateRules\\":[],\\"creationRules\\":[],\\"fieldName\\":\\"DateTime\\",\\"databaseField\\":\\"scheduled_for\\",\\"sqlDatabaseFieldType\\":\\"datetime\\",\\"isRelationshipField\\":false,\\"format\\":\\"do MMM yyyy, hh:mm a\\",\\"firstDayOfWeek\\":0,\\"defaultToNow\\":false,\\"pickerFormat\\":\\"MM/dd/yyyy\\"},{\\"showOnIndex\\":false,\\"showOnUpdate\\":true,\\"showOnDetail\\":true,\\"showOnCreation\\":true,\\"name\\":\\"Tag\\",\\"component\\":\\"BelongsToManyField\\",\\"description\\":\\"\\",\\"isNullable\\":true,\\"isSortable\\":false,\\"isUnique\\":false,\\"isSearchable\\":false,\\"attributes\\":{},\\"rules\\":[],\\"inputName\\":\\"tags\\",\\"defaultValue\\":\\"\\",\\"updateRules\\":[],\\"creationRules\\":[],\\"fieldName\\":\\"BelongsToMany\\",\\"databaseField\\":\\"tags\\",\\"sqlDatabaseFieldType\\":\\"integer\\",\\"isRelationshipField\\":true,\\"isUnsigned\\":false,\\"isForeign\\":false}],\\"table\\":\\"posts\\",\\"name\\":\\"Post\\",\\"slug\\":\\"posts\\",\\"label\\":\\"Posts\\",\\"group\\":\\"default\\",\\"displayField\\":\\"title\\",\\"valueField\\":\\"id\\",\\"noTimeStamps\\":false,\\"validationMessages\\":{\\"required\\":\\"The {{ field }} is required.\\",\\"email\\":\\"The {{ field }} must be a valid email address.\\"},\\"displayInNavigation\\":true,\\"perPageOptions\\":[25,50,100]},{\\"fields\\":[{\\"showOnIndex\\":true,\\"showOnUpdate\\":false,\\"showOnDetail\\":true,\\"showOnCreation\\":false,\\"name\\":\\"ID\\",\\"component\\":\\"IDField\\",\\"description\\":\\"\\",\\"isNullable\\":true,\\"isSortable\\":false,\\"isUnique\\":false,\\"isSearchable\\":false,\\"attributes\\":{},\\"rules\\":[],\\"inputName\\":\\"id\\",\\"defaultValue\\":\\"\\",\\"updateRules\\":[],\\"creationRules\\":[],\\"fieldName\\":\\"ID\\",\\"databaseField\\":\\"id\\",\\"sqlDatabaseFieldType\\":\\"increments\\",\\"isRelationshipField\\":false,\\"asString\\":false,\\"asObjectId\\":true},{\\"showOnIndex\\":true,\\"showOnUpdate\\":true,\\"showOnDetail\\":true,\\"showOnCreation\\":true,\\"name\\":\\"Name\\",\\"component\\":\\"TextField\\",\\"description\\":\\"\\",\\"isNullable\\":true,\\"isSortable\\":false,\\"isUnique\\":false,\\"isSearchable\\":true,\\"attributes\\":{},\\"rules\\":[\\"required\\"],\\"inputName\\":\\"name\\",\\"defaultValue\\":\\"\\",\\"updateRules\\":[],\\"creationRules\\":[],\\"fieldName\\":\\"Text\\",\\"databaseField\\":\\"name\\",\\"sqlDatabaseFieldType\\":\\"string\\",\\"isRelationshipField\\":false},{\\"showOnIndex\\":true,\\"showOnUpdate\\":true,\\"showOnDetail\\":true,\\"showOnCreation\\":true,\\"name\\":\\"Description\\",\\"component\\":\\"TextareaField\\",\\"description\\":\\"\\",\\"isNullable\\":true,\\"isSortable\\":false,\\"isUnique\\":false,\\"isSearchable\\":false,\\"attributes\\":{},\\"rules\\":[],\\"inputName\\":\\"description\\",\\"defaultValue\\":\\"\\",\\"updateRules\\":[],\\"creationRules\\":[],\\"fieldName\\":\\"Textarea\\",\\"databaseField\\":\\"description\\",\\"sqlDatabaseFieldType\\":\\"text\\",\\"isRelationshipField\\":false},{\\"showOnIndex\\":false,\\"showOnUpdate\\":true,\\"showOnDetail\\":true,\\"showOnCreation\\":true,\\"name\\":\\"Post\\",\\"component\\":\\"BelongsToManyField\\",\\"description\\":\\"\\",\\"isNullable\\":true,\\"isSortable\\":false,\\"isUnique\\":false,\\"isSearchable\\":false,\\"attributes\\":{},\\"rules\\":[],\\"inputName\\":\\"posts\\",\\"defaultValue\\":\\"\\",\\"updateRules\\":[],\\"creationRules\\":[],\\"fieldName\\":\\"BelongsToMany\\",\\"databaseField\\":\\"posts\\",\\"sqlDatabaseFieldType\\":\\"integer\\",\\"isRelationshipField\\":true,\\"isUnsigned\\":false,\\"isForeign\\":false}],\\"table\\":\\"tags\\",\\"name\\":\\"Tag\\",\\"slug\\":\\"tags\\",\\"label\\":\\"Tags\\",\\"group\\":\\"default\\",\\"displayField\\":\\"name\\",\\"valueField\\":\\"id\\",\\"noTimeStamps\\":false,\\"validationMessages\\":{\\"required\\":\\"The {{ field }} is required.\\",\\"email\\":\\"The {{ field }} must be a valid email address.\\"},\\"displayInNavigation\\":true,\\"perPageOptions\\":[10,25,50]},{\\"fields\\":[{\\"showOnIndex\\":true,\\"showOnUpdate\\":false,\\"showOnDetail\\":true,\\"showOnCreation\\":false,\\"name\\":\\"ID\\",\\"component\\":\\"IDField\\",\\"description\\":\\"\\",\\"isNullable\\":true,\\"isSortable\\":false,\\"isUnique\\":false,\\"isSearchable\\":false,\\"attributes\\":{},\\"rules\\":[],\\"inputName\\":\\"id\\",\\"defaultValue\\":\\"\\",\\"updateRules\\":[],\\"creationRules\\":[],\\"fieldName\\":\\"ID\\",\\"databaseField\\":\\"id\\",\\"sqlDatabaseFieldType\\":\\"increments\\",\\"isRelationshipField\\":false,\\"asString\\":false,\\"asObjectId\\":true},{\\"showOnIndex\\":true,\\"showOnUpdate\\":true,\\"showOnDetail\\":true,\\"showOnCreation\\":true,\\"name\\":\\"Full name\\",\\"component\\":\\"TextField\\",\\"description\\":\\"\\",\\"isNullable\\":true,\\"isSortable\\":false,\\"isUnique\\":false,\\"isSearchable\\":true,\\"attributes\\":{},\\"rules\\":[\\"required\\"],\\"inputName\\":\\"full_name\\",\\"defaultValue\\":\\"\\",\\"updateRules\\":[],\\"creationRules\\":[],\\"fieldName\\":\\"Text\\",\\"databaseField\\":\\"full_name\\",\\"sqlDatabaseFieldType\\":\\"string\\",\\"isRelationshipField\\":false},{\\"showOnIndex\\":true,\\"showOnUpdate\\":true,\\"showOnDetail\\":true,\\"showOnCreation\\":true,\\"name\\":\\"Email\\",\\"component\\":\\"TextField\\",\\"description\\":\\"\\",\\"isNullable\\":true,\\"isSortable\\":false,\\"isUnique\\":true,\\"isSearchable\\":true,\\"attributes\\":{\\"type\\":\\"email\\"},\\"rules\\":[\\"required\\",\\"max:32\\",\\"email\\"],\\"inputName\\":\\"email\\",\\"defaultValue\\":\\"\\",\\"updateRules\\":[],\\"creationRules\\":[],\\"fieldName\\":\\"Text\\",\\"databaseField\\":\\"email\\",\\"sqlDatabaseFieldType\\":\\"string\\",\\"isRelationshipField\\":false},{\\"showOnIndex\\":false,\\"showOnUpdate\\":false,\\"showOnDetail\\":false,\\"showOnCreation\\":true,\\"name\\":\\"Password\\",\\"component\\":\\"TextField\\",\\"description\\":\\"\\",\\"isNullable\\":false,\\"isSortable\\":false,\\"isUnique\\":false,\\"isSearchable\\":false,\\"attributes\\":{\\"type\\":\\"password\\"},\\"rules\\":[\\"required\\",\\"min:8\\",\\"max:24\\"],\\"inputName\\":\\"password\\",\\"defaultValue\\":\\"\\",\\"updateRules\\":[],\\"creationRules\\":[],\\"fieldName\\":\\"Text\\",\\"databaseField\\":\\"password\\",\\"sqlDatabaseFieldType\\":\\"string\\",\\"isRelationshipField\\":false},{\\"showOnIndex\\":false,\\"showOnUpdate\\":true,\\"showOnDetail\\":true,\\"showOnCreation\\":true,\\"name\\":\\"Post\\",\\"component\\":\\"HasManyField\\",\\"description\\":\\"\\",\\"isNullable\\":true,\\"isSortable\\":false,\\"isUnique\\":false,\\"isSearchable\\":false,\\"attributes\\":{},\\"rules\\":[\\"array\\"],\\"inputName\\":\\"posts\\",\\"defaultValue\\":\\"\\",\\"updateRules\\":[],\\"creationRules\\":[],\\"fieldName\\":\\"HasMany\\",\\"databaseField\\":\\"posts\\",\\"sqlDatabaseFieldType\\":\\"undefined\\",\\"isRelationshipField\\":true,\\"isUnsigned\\":false,\\"isForeign\\":false}],\\"table\\":\\"users\\",\\"name\\":\\"User\\",\\"slug\\":\\"users\\",\\"label\\":\\"Users\\",\\"group\\":\\"default\\",\\"displayField\\":\\"full_name\\",\\"valueField\\":\\"id\\",\\"noTimeStamps\\":false,\\"validationMessages\\":{\\"required\\":\\"The {{ field }} is required.\\",\\"email\\":\\"The {{ field }} must be a valid email address.\\"},\\"displayInNavigation\\":true,\\"perPageOptions\\":[2,5,10]},{\\"fields\\":[{\\"showOnIndex\\":true,\\"showOnUpdate\\":false,\\"showOnDetail\\":true,\\"showOnCreation\\":false,\\"name\\":\\"ID\\",\\"component\\":\\"IDField\\",\\"description\\":\\"\\",\\"isNullable\\":true,\\"isSortable\\":false,\\"isUnique\\":false,\\"isSearchable\\":false,\\"attributes\\":{},\\"rules\\":[],\\"inputName\\":\\"id\\",\\"defaultValue\\":\\"\\",\\"updateRules\\":[],\\"creationRules\\":[],\\"fieldName\\":\\"ID\\",\\"databaseField\\":\\"id\\",\\"sqlDatabaseFieldType\\":\\"increments\\",\\"isRelationshipField\\":false,\\"asString\\":false,\\"asObjectId\\":true},{\\"showOnIndex\\":true,\\"showOnUpdate\\":true,\\"showOnDetail\\":true,\\"showOnCreation\\":true,\\"name\\":\\"Title\\",\\"component\\":\\"TextField\\",\\"description\\":\\"\\",\\"isNullable\\":true,\\"isSortable\\":false,\\"isUnique\\":false,\\"isSearchable\\":true,\\"attributes\\":{},\\"rules\\":[\\"required\\"],\\"inputName\\":\\"title\\",\\"defaultValue\\":\\"\\",\\"updateRules\\":[],\\"creationRules\\":[],\\"fieldName\\":\\"Text\\",\\"databaseField\\":\\"title\\",\\"sqlDatabaseFieldType\\":\\"string\\",\\"isRelationshipField\\":false},{\\"showOnIndex\\":true,\\"showOnUpdate\\":true,\\"showOnDetail\\":true,\\"showOnCreation\\":true,\\"name\\":\\"Body\\",\\"component\\":\\"TextareaField\\",\\"description\\":\\"\\",\\"isNullable\\":true,\\"isSortable\\":false,\\"isUnique\\":false,\\"isSearchable\\":false,\\"attributes\\":{},\\"rules\\":[\\"required\\"],\\"inputName\\":\\"body\\",\\"defaultValue\\":\\"\\",\\"updateRules\\":[],\\"creationRules\\":[],\\"fieldName\\":\\"Textarea\\",\\"databaseField\\":\\"body\\",\\"sqlDatabaseFieldType\\":\\"text\\",\\"isRelationshipField\\":false},{\\"showOnIndex\\":false,\\"showOnUpdate\\":true,\\"showOnDetail\\":true,\\"showOnCreation\\":true,\\"name\\":\\"Post\\",\\"component\\":\\"BelongsToField\\",\\"description\\":\\"\\",\\"isNullable\\":true,\\"isSortable\\":false,\\"isUnique\\":false,\\"isSearchable\\":false,\\"attributes\\":{},\\"rules\\":[],\\"inputName\\":\\"post_id\\",\\"defaultValue\\":\\"\\",\\"updateRules\\":[],\\"creationRules\\":[],\\"fieldName\\":\\"BelongsTo\\",\\"databaseField\\":\\"post_id\\",\\"sqlDatabaseFieldType\\":\\"integer\\",\\"isRelationshipField\\":false,\\"isUnsigned\\":true,\\"isForeign\\":true}],\\"table\\":\\"comments\\",\\"name\\":\\"Comment\\",\\"slug\\":\\"comments\\",\\"label\\":\\"Comments\\",\\"group\\":\\"default\\",\\"displayField\\":\\"id\\",\\"valueField\\":\\"id\\",\\"noTimeStamps\\":false,\\"validationMessages\\":{\\"required\\":\\"The {{ field }} is required.\\",\\"email\\":\\"The {{ field }} must be a valid email address.\\"},\\"displayInNavigation\\":true,\\"perPageOptions\\":[10,25,50]}]',
            appConfig: '{\\"dashboardPath\\":\\"admin\\"}',
            shouldShowRegistrationScreen: 'true'
        }
    </script>
        <script src='/flamingo.js'></script>
    <script>
        window.Flamingo.boot()
    </script>
</body>
</html>
"
`;

exports[`passes shouldShowRegistrationScreen: false option to client if an administrator already exists 1`] = `
"<!DOCTYPE html>
<html lang=\\"en\\">
<head>
    <meta charset=\\"UTF-8\\">
    <meta name=\\"viewport\\" content=\\"width=device-width, initial-scale=1.0\\">
    <meta http-equiv=\\"X-UA-Compatible\\" content=\\"ie=edge\\">
    <title>Flamingo</title>
        <link media=\\"all\\" href=\\"/flamingo.css\\" rel=\\"stylesheet\\" />
</head>
<body class='antialiased'>
    <div id=\\"app\\"></div>

    <script>
        window.flamingoDefaultState = {
            user: '',
            resources: '[{\\"fields\\":[{\\"showOnIndex\\":true,\\"showOnUpdate\\":false,\\"showOnDetail\\":true,\\"showOnCreation\\":false,\\"name\\":\\"ID\\",\\"component\\":\\"IDField\\",\\"description\\":\\"\\",\\"isNullable\\":true,\\"isSortable\\":false,\\"isUnique\\":false,\\"isSearchable\\":false,\\"attributes\\":{},\\"rules\\":[],\\"inputName\\":\\"id\\",\\"defaultValue\\":\\"\\",\\"updateRules\\":[],\\"creationRules\\":[],\\"fieldName\\":\\"ID\\",\\"databaseField\\":\\"id\\",\\"sqlDatabaseFieldType\\":\\"increments\\",\\"isRelationshipField\\":false,\\"asString\\":false,\\"asObjectId\\":true},{\\"showOnIndex\\":true,\\"showOnUpdate\\":true,\\"showOnDetail\\":true,\\"showOnCreation\\":true,\\"name\\":\\"Name\\",\\"component\\":\\"TextField\\",\\"description\\":\\"\\",\\"isNullable\\":true,\\"isSortable\\":false,\\"isUnique\\":false,\\"isSearchable\\":false,\\"attributes\\":{},\\"rules\\":[],\\"inputName\\":\\"name\\",\\"defaultValue\\":\\"\\",\\"updateRules\\":[],\\"creationRules\\":[],\\"fieldName\\":\\"Text\\",\\"databaseField\\":\\"name\\",\\"sqlDatabaseFieldType\\":\\"string\\",\\"isRelationshipField\\":false},{\\"showOnIndex\\":true,\\"showOnUpdate\\":true,\\"showOnDetail\\":true,\\"showOnCreation\\":true,\\"name\\":\\"Email\\",\\"component\\":\\"TextField\\",\\"description\\":\\"\\",\\"isNullable\\":true,\\"isSortable\\":false,\\"isUnique\\":true,\\"isSearchable\\":true,\\"attributes\\":{},\\"rules\\":[],\\"inputName\\":\\"email\\",\\"defaultValue\\":\\"\\",\\"updateRules\\":[],\\"creationRules\\":[],\\"fieldName\\":\\"Text\\",\\"databaseField\\":\\"email\\",\\"sqlDatabaseFieldType\\":\\"string\\",\\"isRelationshipField\\":false},{\\"showOnIndex\\":true,\\"showOnUpdate\\":true,\\"showOnDetail\\":true,\\"showOnCreation\\":true,\\"name\\":\\"Password\\",\\"component\\":\\"TextField\\",\\"description\\":\\"\\",\\"isNullable\\":true,\\"isSortable\\":false,\\"isUnique\\":false,\\"isSearchable\\":false,\\"attributes\\":{},\\"rules\\":[],\\"inputName\\":\\"password\\",\\"defaultValue\\":\\"\\",\\"updateRules\\":[],\\"creationRules\\":[],\\"fieldName\\":\\"Text\\",\\"databaseField\\":\\"password\\",\\"sqlDatabaseFieldType\\":\\"string\\",\\"isRelationshipField\\":false}],\\"table\\":\\"administrators\\",\\"name\\":\\"Administrator\\",\\"slug\\":\\"administrators\\",\\"label\\":\\"Administrators\\",\\"group\\":\\"default\\",\\"displayField\\":\\"id\\",\\"valueField\\":\\"id\\",\\"noTimeStamps\\":false,\\"validationMessages\\":{\\"required\\":\\"The {{ field }} is required.\\",\\"email\\":\\"The {{ field }} must be a valid email address.\\"},\\"displayInNavigation\\":false,\\"perPageOptions\\":[10,25,50]},{\\"fields\\":[{\\"showOnIndex\\":true,\\"showOnUpdate\\":false,\\"showOnDetail\\":true,\\"showOnCreation\\":false,\\"name\\":\\"ID\\",\\"component\\":\\"IDField\\",\\"description\\":\\"\\",\\"isNullable\\":true,\\"isSortable\\":false,\\"isUnique\\":false,\\"isSearchable\\":false,\\"attributes\\":{},\\"rules\\":[],\\"inputName\\":\\"id\\",\\"defaultValue\\":\\"\\",\\"updateRules\\":[],\\"creationRules\\":[],\\"fieldName\\":\\"ID\\",\\"databaseField\\":\\"id\\",\\"sqlDatabaseFieldType\\":\\"increments\\",\\"isRelationshipField\\":false,\\"asString\\":false,\\"asObjectId\\":true},{\\"showOnIndex\\":true,\\"showOnUpdate\\":true,\\"showOnDetail\\":true,\\"showOnCreation\\":true,\\"name\\":\\"Title\\",\\"component\\":\\"TextField\\",\\"description\\":\\"\\",\\"isNullable\\":true,\\"isSortable\\":true,\\"isUnique\\":true,\\"isSearchable\\":true,\\"attributes\\":{},\\"rules\\":[\\"required\\",\\"max:24\\"],\\"inputName\\":\\"title\\",\\"defaultValue\\":\\"\\",\\"updateRules\\":[],\\"creationRules\\":[],\\"fieldName\\":\\"Text\\",\\"databaseField\\":\\"title\\",\\"sqlDatabaseFieldType\\":\\"string\\",\\"isRelationshipField\\":false},{\\"showOnIndex\\":true,\\"showOnUpdate\\":true,\\"showOnDetail\\":true,\\"showOnCreation\\":true,\\"name\\":\\"Description\\",\\"component\\":\\"TextField\\",\\"description\\":\\"\\",\\"isNullable\\":true,\\"isSortable\\":false,\\"isUnique\\":false,\\"isSearchable\\":false,\\"attributes\\":{},\\"rules\\":[\\"required\\"],\\"inputName\\":\\"description\\",\\"defaultValue\\":\\"\\",\\"updateRules\\":[],\\"creationRules\\":[],\\"fieldName\\":\\"Text\\",\\"databaseField\\":\\"description\\",\\"sqlDatabaseFieldType\\":\\"string\\",\\"isRelationshipField\\":false},{\\"showOnIndex\\":false,\\"showOnUpdate\\":true,\\"showOnDetail\\":true,\\"showOnCreation\\":true,\\"name\\":\\"Content\\",\\"component\\":\\"TextareaField\\",\\"description\\":\\"\\",\\"isNullable\\":true,\\"isSortable\\":false,\\"isUnique\\":false,\\"isSearchable\\":false,\\"attributes\\":{},\\"rules\\":[\\"required\\",\\"max:2000\\",\\"min:12\\"],\\"inputName\\":\\"content\\",\\"defaultValue\\":\\"\\",\\"updateRules\\":[],\\"creationRules\\":[],\\"fieldName\\":\\"Textarea\\",\\"databaseField\\":\\"content\\",\\"sqlDatabaseFieldType\\":\\"text\\",\\"isRelationshipField\\":false},{\\"showOnIndex\\":true,\\"showOnUpdate\\":true,\\"showOnDetail\\":false,\\"showOnCreation\\":true,\\"name\\":\\"Av. CPC\\",\\"component\\":\\"IntegerField\\",\\"description\\":\\"\\",\\"isNullable\\":true,\\"isSortable\\":false,\\"isUnique\\":false,\\"isSearchable\\":false,\\"attributes\\":{},\\"rules\\":[\\"required\\"],\\"inputName\\":\\"av_cpc\\",\\"defaultValue\\":\\"\\",\\"updateRules\\":[],\\"creationRules\\":[],\\"fieldName\\":\\"Integer\\",\\"databaseField\\":\\"av_cpc\\",\\"sqlDatabaseFieldType\\":\\"integer\\",\\"isRelationshipField\\":false,\\"isUnsigned\\":false,\\"isForeign\\":false},{\\"showOnIndex\\":true,\\"showOnUpdate\\":true,\\"showOnDetail\\":true,\\"showOnCreation\\":true,\\"name\\":\\"Category\\",\\"component\\":\\"SelectField\\",\\"description\\":\\"\\",\\"isNullable\\":true,\\"isSortable\\":false,\\"isUnique\\":false,\\"isSearchable\\":true,\\"attributes\\":{},\\"rules\\":[\\"required\\"],\\"inputName\\":\\"category\\",\\"defaultValue\\":\\"\\",\\"updateRules\\":[],\\"creationRules\\":[],\\"fieldName\\":\\"Select\\",\\"databaseField\\":\\"category\\",\\"sqlDatabaseFieldType\\":\\"enu\\",\\"isRelationshipField\\":false,\\"selectOptions\\":[{\\"label\\":\\"Javascript\\",\\"value\\":\\"javascript\\"},{\\"label\\":\\"Angular\\",\\"value\\":\\"angular\\"},{\\"label\\":\\"Mysql\\",\\"value\\":\\"mysql\\"},{\\"label\\":\\"Postgresql\\",\\"value\\":\\"pg\\"}]},{\\"showOnIndex\\":false,\\"showOnUpdate\\":true,\\"showOnDetail\\":true,\\"showOnCreation\\":true,\\"name\\":\\"User\\",\\"component\\":\\"BelongsToField\\",\\"description\\":\\"\\",\\"isNullable\\":true,\\"isSortable\\":false,\\"isUnique\\":false,\\"isSearchable\\":true,\\"attributes\\":{},\\"rules\\":[\\"required\\"],\\"inputName\\":\\"user_id\\",\\"defaultValue\\":\\"\\",\\"updateRules\\":[],\\"creationRules\\":[],\\"fieldName\\":\\"BelongsTo\\",\\"databaseField\\":\\"user_id\\",\\"sqlDatabaseFieldType\\":\\"integer\\",\\"isRelationshipField\\":false,\\"isUnsigned\\":true,\\"isForeign\\":true},{\\"showOnIndex\\":true,\\"showOnUpdate\\":true,\\"showOnDetail\\":true,\\"showOnCreation\\":true,\\"name\\":\\"Published At\\",\\"component\\":\\"DateField\\",\\"description\\":\\"\\",\\"isNullable\\":false,\\"isSortable\\":false,\\"isUnique\\":false,\\"isSearchable\\":false,\\"attributes\\":{},\\"rules\\":[\\"required\\",\\"date\\"],\\"inputName\\":\\"published_at\\",\\"defaultValue\\":\\"08/16/2020\\",\\"updateRules\\":[],\\"creationRules\\":[],\\"fieldName\\":\\"DateField\\",\\"databaseField\\":\\"published_at\\",\\"sqlDatabaseFieldType\\":\\"date\\",\\"isRelationshipField\\":false,\\"format\\":\\"do MMM yyyy, hh:mm a\\",\\"firstDayOfWeek\\":4,\\"defaultToNow\\":false,\\"pickerFormat\\":\\"MM/dd/yyyy\\"},{\\"showOnIndex\\":true,\\"showOnUpdate\\":true,\\"showOnDetail\\":true,\\"showOnCreation\\":true,\\"name\\":\\"Scheduled For\\",\\"component\\":\\"DateTimeField\\",\\"description\\":\\"\\",\\"isNullable\\":true,\\"isSortable\\":false,\\"isUnique\\":false,\\"isSearchable\\":false,\\"attributes\\":{},\\"rules\\":[\\"required\\",\\"date\\"],\\"inputName\\":\\"scheduled_for\\",\\"defaultValue\\":\\"08/16/2020\\",\\"updateRules\\":[],\\"creationRules\\":[],\\"fieldName\\":\\"DateTime\\",\\"databaseField\\":\\"scheduled_for\\",\\"sqlDatabaseFieldType\\":\\"datetime\\",\\"isRelationshipField\\":false,\\"format\\":\\"do MMM yyyy, hh:mm a\\",\\"firstDayOfWeek\\":0,\\"defaultToNow\\":false,\\"pickerFormat\\":\\"MM/dd/yyyy\\"},{\\"showOnIndex\\":false,\\"showOnUpdate\\":true,\\"showOnDetail\\":true,\\"showOnCreation\\":true,\\"name\\":\\"Tag\\",\\"component\\":\\"BelongsToManyField\\",\\"description\\":\\"\\",\\"isNullable\\":true,\\"isSortable\\":false,\\"isUnique\\":false,\\"isSearchable\\":false,\\"attributes\\":{},\\"rules\\":[],\\"inputName\\":\\"tags\\",\\"defaultValue\\":\\"\\",\\"updateRules\\":[],\\"creationRules\\":[],\\"fieldName\\":\\"BelongsToMany\\",\\"databaseField\\":\\"tags\\",\\"sqlDatabaseFieldType\\":\\"integer\\",\\"isRelationshipField\\":true,\\"isUnsigned\\":false,\\"isForeign\\":false}],\\"table\\":\\"posts\\",\\"name\\":\\"Post\\",\\"slug\\":\\"posts\\",\\"label\\":\\"Posts\\",\\"group\\":\\"default\\",\\"displayField\\":\\"title\\",\\"valueField\\":\\"id\\",\\"noTimeStamps\\":false,\\"validationMessages\\":{\\"required\\":\\"The {{ field }} is required.\\",\\"email\\":\\"The {{ field }} must be a valid email address.\\"},\\"displayInNavigation\\":true,\\"perPageOptions\\":[25,50,100]},{\\"fields\\":[{\\"showOnIndex\\":true,\\"showOnUpdate\\":false,\\"showOnDetail\\":true,\\"showOnCreation\\":false,\\"name\\":\\"ID\\",\\"component\\":\\"IDField\\",\\"description\\":\\"\\",\\"isNullable\\":true,\\"isSortable\\":false,\\"isUnique\\":false,\\"isSearchable\\":false,\\"attributes\\":{},\\"rules\\":[],\\"inputName\\":\\"id\\",\\"defaultValue\\":\\"\\",\\"updateRules\\":[],\\"creationRules\\":[],\\"fieldName\\":\\"ID\\",\\"databaseField\\":\\"id\\",\\"sqlDatabaseFieldType\\":\\"increments\\",\\"isRelationshipField\\":false,\\"asString\\":false,\\"asObjectId\\":true},{\\"showOnIndex\\":true,\\"showOnUpdate\\":true,\\"showOnDetail\\":true,\\"showOnCreation\\":true,\\"name\\":\\"Name\\",\\"component\\":\\"TextField\\",\\"description\\":\\"\\",\\"isNullable\\":true,\\"isSortable\\":false,\\"isUnique\\":false,\\"isSearchable\\":true,\\"attributes\\":{},\\"rules\\":[\\"required\\"],\\"inputName\\":\\"name\\",\\"defaultValue\\":\\"\\",\\"updateRules\\":[],\\"creationRules\\":[],\\"fieldName\\":\\"Text\\",\\"databaseField\\":\\"name\\",\\"sqlDatabaseFieldType\\":\\"string\\",\\"isRelationshipField\\":false},{\\"showOnIndex\\":true,\\"showOnUpdate\\":true,\\"showOnDetail\\":true,\\"showOnCreation\\":true,\\"name\\":\\"Description\\",\\"component\\":\\"TextareaField\\",\\"description\\":\\"\\",\\"isNullable\\":true,\\"isSortable\\":false,\\"isUnique\\":false,\\"isSearchable\\":false,\\"attributes\\":{},\\"rules\\":[],\\"inputName\\":\\"description\\",\\"defaultValue\\":\\"\\",\\"updateRules\\":[],\\"creationRules\\":[],\\"fieldName\\":\\"Textarea\\",\\"databaseField\\":\\"description\\",\\"sqlDatabaseFieldType\\":\\"text\\",\\"isRelationshipField\\":false},{\\"showOnIndex\\":false,\\"showOnUpdate\\":true,\\"showOnDetail\\":true,\\"showOnCreation\\":true,\\"name\\":\\"Post\\",\\"component\\":\\"BelongsToManyField\\",\\"description\\":\\"\\",\\"isNullable\\":true,\\"isSortable\\":false,\\"isUnique\\":false,\\"isSearchable\\":false,\\"attributes\\":{},\\"rules\\":[],\\"inputName\\":\\"posts\\",\\"defaultValue\\":\\"\\",\\"updateRules\\":[],\\"creationRules\\":[],\\"fieldName\\":\\"BelongsToMany\\",\\"databaseField\\":\\"posts\\",\\"sqlDatabaseFieldType\\":\\"integer\\",\\"isRelationshipField\\":true,\\"isUnsigned\\":false,\\"isForeign\\":false}],\\"table\\":\\"tags\\",\\"name\\":\\"Tag\\",\\"slug\\":\\"tags\\",\\"label\\":\\"Tags\\",\\"group\\":\\"default\\",\\"displayField\\":\\"name\\",\\"valueField\\":\\"id\\",\\"noTimeStamps\\":false,\\"validationMessages\\":{\\"required\\":\\"The {{ field }} is required.\\",\\"email\\":\\"The {{ field }} must be a valid email address.\\"},\\"displayInNavigation\\":true,\\"perPageOptions\\":[10,25,50]},{\\"fields\\":[{\\"showOnIndex\\":true,\\"showOnUpdate\\":false,\\"showOnDetail\\":true,\\"showOnCreation\\":false,\\"name\\":\\"ID\\",\\"component\\":\\"IDField\\",\\"description\\":\\"\\",\\"isNullable\\":true,\\"isSortable\\":false,\\"isUnique\\":false,\\"isSearchable\\":false,\\"attributes\\":{},\\"rules\\":[],\\"inputName\\":\\"id\\",\\"defaultValue\\":\\"\\",\\"updateRules\\":[],\\"creationRules\\":[],\\"fieldName\\":\\"ID\\",\\"databaseField\\":\\"id\\",\\"sqlDatabaseFieldType\\":\\"increments\\",\\"isRelationshipField\\":false,\\"asString\\":false,\\"asObjectId\\":true},{\\"showOnIndex\\":true,\\"showOnUpdate\\":true,\\"showOnDetail\\":true,\\"showOnCreation\\":true,\\"name\\":\\"Full name\\",\\"component\\":\\"TextField\\",\\"description\\":\\"\\",\\"isNullable\\":true,\\"isSortable\\":false,\\"isUnique\\":false,\\"isSearchable\\":true,\\"attributes\\":{},\\"rules\\":[\\"required\\"],\\"inputName\\":\\"full_name\\",\\"defaultValue\\":\\"\\",\\"updateRules\\":[],\\"creationRules\\":[],\\"fieldName\\":\\"Text\\",\\"databaseField\\":\\"full_name\\",\\"sqlDatabaseFieldType\\":\\"string\\",\\"isRelationshipField\\":false},{\\"showOnIndex\\":true,\\"showOnUpdate\\":true,\\"showOnDetail\\":true,\\"showOnCreation\\":true,\\"name\\":\\"Email\\",\\"component\\":\\"TextField\\",\\"description\\":\\"\\",\\"isNullable\\":true,\\"isSortable\\":false,\\"isUnique\\":true,\\"isSearchable\\":true,\\"attributes\\":{\\"type\\":\\"email\\"},\\"rules\\":[\\"required\\",\\"max:32\\",\\"email\\"],\\"inputName\\":\\"email\\",\\"defaultValue\\":\\"\\",\\"updateRules\\":[],\\"creationRules\\":[],\\"fieldName\\":\\"Text\\",\\"databaseField\\":\\"email\\",\\"sqlDatabaseFieldType\\":\\"string\\",\\"isRelationshipField\\":false},{\\"showOnIndex\\":false,\\"showOnUpdate\\":false,\\"showOnDetail\\":false,\\"showOnCreation\\":true,\\"name\\":\\"Password\\",\\"component\\":\\"TextField\\",\\"description\\":\\"\\",\\"isNullable\\":false,\\"isSortable\\":false,\\"isUnique\\":false,\\"isSearchable\\":false,\\"attributes\\":{\\"type\\":\\"password\\"},\\"rules\\":[\\"required\\",\\"min:8\\",\\"max:24\\"],\\"inputName\\":\\"password\\",\\"defaultValue\\":\\"\\",\\"updateRules\\":[],\\"creationRules\\":[],\\"fieldName\\":\\"Text\\",\\"databaseField\\":\\"password\\",\\"sqlDatabaseFieldType\\":\\"string\\",\\"isRelationshipField\\":false},{\\"showOnIndex\\":false,\\"showOnUpdate\\":true,\\"showOnDetail\\":true,\\"showOnCreation\\":true,\\"name\\":\\"Post\\",\\"component\\":\\"HasManyField\\",\\"description\\":\\"\\",\\"isNullable\\":true,\\"isSortable\\":false,\\"isUnique\\":false,\\"isSearchable\\":false,\\"attributes\\":{},\\"rules\\":[\\"array\\"],\\"inputName\\":\\"posts\\",\\"defaultValue\\":\\"\\",\\"updateRules\\":[],\\"creationRules\\":[],\\"fieldName\\":\\"HasMany\\",\\"databaseField\\":\\"posts\\",\\"sqlDatabaseFieldType\\":\\"undefined\\",\\"isRelationshipField\\":true,\\"isUnsigned\\":false,\\"isForeign\\":false}],\\"table\\":\\"users\\",\\"name\\":\\"User\\",\\"slug\\":\\"users\\",\\"label\\":\\"Users\\",\\"group\\":\\"default\\",\\"displayField\\":\\"full_name\\",\\"valueField\\":\\"id\\",\\"noTimeStamps\\":false,\\"validationMessages\\":{\\"required\\":\\"The {{ field }} is required.\\",\\"email\\":\\"The {{ field }} must be a valid email address.\\"},\\"displayInNavigation\\":true,\\"perPageOptions\\":[2,5,10]},{\\"fields\\":[{\\"showOnIndex\\":true,\\"showOnUpdate\\":false,\\"showOnDetail\\":true,\\"showOnCreation\\":false,\\"name\\":\\"ID\\",\\"component\\":\\"IDField\\",\\"description\\":\\"\\",\\"isNullable\\":true,\\"isSortable\\":false,\\"isUnique\\":false,\\"isSearchable\\":false,\\"attributes\\":{},\\"rules\\":[],\\"inputName\\":\\"id\\",\\"defaultValue\\":\\"\\",\\"updateRules\\":[],\\"creationRules\\":[],\\"fieldName\\":\\"ID\\",\\"databaseField\\":\\"id\\",\\"sqlDatabaseFieldType\\":\\"increments\\",\\"isRelationshipField\\":false,\\"asString\\":false,\\"asObjectId\\":true},{\\"showOnIndex\\":true,\\"showOnUpdate\\":true,\\"showOnDetail\\":true,\\"showOnCreation\\":true,\\"name\\":\\"Title\\",\\"component\\":\\"TextField\\",\\"description\\":\\"\\",\\"isNullable\\":true,\\"isSortable\\":false,\\"isUnique\\":false,\\"isSearchable\\":true,\\"attributes\\":{},\\"rules\\":[\\"required\\"],\\"inputName\\":\\"title\\",\\"defaultValue\\":\\"\\",\\"updateRules\\":[],\\"creationRules\\":[],\\"fieldName\\":\\"Text\\",\\"databaseField\\":\\"title\\",\\"sqlDatabaseFieldType\\":\\"string\\",\\"isRelationshipField\\":false},{\\"showOnIndex\\":true,\\"showOnUpdate\\":true,\\"showOnDetail\\":true,\\"showOnCreation\\":true,\\"name\\":\\"Body\\",\\"component\\":\\"TextareaField\\",\\"description\\":\\"\\",\\"isNullable\\":true,\\"isSortable\\":false,\\"isUnique\\":false,\\"isSearchable\\":false,\\"attributes\\":{},\\"rules\\":[\\"required\\"],\\"inputName\\":\\"body\\",\\"defaultValue\\":\\"\\",\\"updateRules\\":[],\\"creationRules\\":[],\\"fieldName\\":\\"Textarea\\",\\"databaseField\\":\\"body\\",\\"sqlDatabaseFieldType\\":\\"text\\",\\"isRelationshipField\\":false},{\\"showOnIndex\\":false,\\"showOnUpdate\\":true,\\"showOnDetail\\":true,\\"showOnCreation\\":true,\\"name\\":\\"Post\\",\\"component\\":\\"BelongsToField\\",\\"description\\":\\"\\",\\"isNullable\\":true,\\"isSortable\\":false,\\"isUnique\\":false,\\"isSearchable\\":false,\\"attributes\\":{},\\"rules\\":[],\\"inputName\\":\\"post_id\\",\\"defaultValue\\":\\"\\",\\"updateRules\\":[],\\"creationRules\\":[],\\"fieldName\\":\\"BelongsTo\\",\\"databaseField\\":\\"post_id\\",\\"sqlDatabaseFieldType\\":\\"integer\\",\\"isRelationshipField\\":false,\\"isUnsigned\\":true,\\"isForeign\\":true}],\\"table\\":\\"comments\\",\\"name\\":\\"Comment\\",\\"slug\\":\\"comments\\",\\"label\\":\\"Comments\\",\\"group\\":\\"default\\",\\"displayField\\":\\"id\\",\\"valueField\\":\\"id\\",\\"noTimeStamps\\":false,\\"validationMessages\\":{\\"required\\":\\"The {{ field }} is required.\\",\\"email\\":\\"The {{ field }} must be a valid email address.\\"},\\"displayInNavigation\\":true,\\"perPageOptions\\":[10,25,50]}]',
            appConfig: '{\\"dashboardPath\\":\\"admin\\"}',
            shouldShowRegistrationScreen: 'false'
        }
    </script>
        <script src='/flamingo.js'></script>
    <script>
        window.Flamingo.boot()
    </script>
</body>
</html>
"
`;
