// Jest Snapshot v1, https://goo.gl/fbAQLP

exports[`Test the create resource page create resource page should match snapshot 1`] = `
<DocumentFragment>
  <header
    class="flex flex-wrap items-center justify-between"
  >
    <h1
      class="Heading__Heading___83D3K mb-0"
      data-test-id="cf-ui-heading"
      data-testid="resource-title"
    >
      Create post
    </h1>
    <div
      class=""
    >
      <button
        class="Button__Button___1ZfFj a11y__focus-border--default___60AXp mr-3 Button__Button--muted___2Wair"
        data-test-id="cf-ui-button"
        type="button"
      >
        <span
          class="TabFocusTrap__TabFocusTrap___39Vty Button__Button__inner-wrapper___3qrNC"
          tabindex="-1"
        >
          <span
            class="Button__Button__label___3tcOj"
          >
            Reset
          </span>
        </span>
      </button>
      <button
        class="Button__Button___1ZfFj a11y__focus-border--default___60AXp Button__Button--primary___JImeO"
        data-test-id="cf-ui-button"
        data-testid="submit-button"
        type="button"
      >
        <span
          class="TabFocusTrap__TabFocusTrap___39Vty Button__Button__inner-wrapper___3qrNC"
          tabindex="-1"
        >
          <span
            class="Button__Button__label___3tcOj"
          >
            Create post
          </span>
        </span>
      </button>
    </div>
  </header>
  <div
    class="w-full flex flex-wrap mt-10"
  >
    <div
      class="w-full md:w-1/3 flex flex-col mb-5 md:mb-0"
    >
      <h2
        class="Subheading__Subheading___2mA9j"
        data-test-id="cf-ui-subheading"
        variant="large"
      >
        Post
      </h2>
      <p
        class="Paragraph__Paragraph___2aO-9"
        data-test-id="cf-ui-paragraph"
      >
        Put in information about the new post
      </p>
    </div>
    <div
      class="w-full md:w-2/3"
    >
      <div
        class="w-full md:w-5/6 bg-gray-lightest p-6 mb-3"
      >
        <div
          class="mb-3"
        >
          <div
            class="TextField__TextField___Sf6eo TextField__TextField--full___11DBK"
            data-test-id="cf-ui-text-field"
            description=""
          >
            <div
              class="TextField__TextField__label-wrapper___2-MJT"
            >
              <label
                class="FormLabel__FormLabel___3d6zQ"
                data-test-id="cf-ui-form-label"
                for="name"
              >
                Name
              </label>
            </div>
            <div
              class="TextInput__TextInput___36-K- TextInput__TextInput--full___1EJEW"
            >
              <input
                aria-label="name"
                class="TextInput__TextInput__input___27vDB a11y__focus-border--default___60AXp"
                data-test-id="cf-ui-text-input"
                id="name"
                name="name"
                type="text"
                value=""
              />
            </div>
          </div>
        </div>
        <div
          class="mb-3"
        >
          <div
            class="TextField__TextField___Sf6eo TextField__TextField--full___11DBK"
            data-test-id="cf-ui-text-field"
            description=""
          >
            <div
              class="TextField__TextField__label-wrapper___2-MJT"
            >
              <label
                class="FormLabel__FormLabel___3d6zQ"
                data-test-id="cf-ui-form-label"
                for="description"
              >
                description
              </label>
            </div>
            <div
              class="TextInput__TextInput___36-K- TextInput__TextInput--full___1EJEW"
            >
              <input
                aria-label="description"
                class="TextInput__TextInput__input___27vDB a11y__focus-border--default___60AXp"
                data-test-id="cf-ui-text-input"
                id="description"
                name="description"
                type="text"
                value=""
              />
            </div>
          </div>
        </div>
        <div
          class="mb-3"
        >
          <div
            class="TextField__TextField___Sf6eo TextField__TextField--full___11DBK"
            data-test-id="cf-ui-text-field"
            description=""
          >
            <div
              class="TextField__TextField__label-wrapper___2-MJT"
            >
              <label
                class="FormLabel__FormLabel___3d6zQ"
                data-test-id="cf-ui-form-label"
                for="content"
              >
                content
              </label>
            </div>
            <div
              class="TextInput__TextInput___36-K- TextInput__TextInput--full___1EJEW"
            >
              <input
                aria-label="content"
                class="TextInput__TextInput__input___27vDB a11y__focus-border--default___60AXp"
                data-test-id="cf-ui-text-input"
                id="content"
                name="content"
                type="text"
                value=""
              />
            </div>
          </div>
        </div>
        <div
          class="mb-3"
        >
          <div
            class="TextField__TextField___Sf6eo TextField__TextField--full___11DBK"
            data-test-id="cf-ui-text-field"
            description=""
          >
            <div
              class="TextField__TextField__label-wrapper___2-MJT"
            >
              <label
                class="FormLabel__FormLabel___3d6zQ"
                data-test-id="cf-ui-form-label"
                for="visuals"
              >
                Visuals
              </label>
            </div>
            <div
              class="TextInput__TextInput___36-K- TextInput__TextInput--full___1EJEW"
            >
              <input
                aria-label="visuals"
                class="TextInput__TextInput__input___27vDB a11y__focus-border--default___60AXp"
                data-test-id="cf-ui-text-input"
                id="visuals"
                name="visuals"
                type="text"
                value=""
              />
            </div>
          </div>
        </div>
      </div>
    </div>
  </div>
</DocumentFragment>
`;
