// Jest Snapshot v1, https://goo.gl/fbAQLP

exports[`Test the Login page should match snapshot 1`] = `
<DocumentFragment>
  <div
    class="w-full bg-gray-100 h-screen"
  >
    <div
      class="max-w-md mx-auto pt-20 md:px-0 px-5"
    >
      <div
        class="flex justify-center mb-5"
      >
        <img
          alt="company-logo"
          class="h-10"
          src="https://strapi.katifrantz.com/admin/3f6f46544e110a51499353fdc9d12bfe.png"
        />
      </div>
      <div
        class="border-t-2 border-blue-primary bg-white shadow-md py-8 px-8"
      >
        <form
          action=""
        >
          <div
            class="TextField__TextField___Sf6eo TextField__TextField--full___11DBK"
            data-test-id="cf-ui-text-field"
            placeholder="john@doe.com"
          >
            <div
              class="TextField__TextField__label-wrapper___2-MJT"
            >
              <label
                class="FormLabel__FormLabel___3d6zQ"
                data-test-id="cf-ui-form-label"
                for="email"
              >
                Email
              </label>
            </div>
            <div
              class="TextInput__TextInput___36-K- TextInput__TextInput--full___1EJEW"
            >
              <input
                aria-label="email"
                class="TextInput__TextInput__input___27vDB a11y__focus-border--default___60AXp"
                data-test-id="cf-ui-text-input"
                id="email"
                name="email"
                type="email"
                value=""
              />
            </div>
          </div>
          <div
            class="TextField__TextField___Sf6eo TextField__TextField--full___11DBK mt-4"
            data-test-id="cf-ui-text-field"
          >
            <div
              class="TextField__TextField__label-wrapper___2-MJT"
            >
              <label
                class="FormLabel__FormLabel___3d6zQ"
                data-test-id="cf-ui-form-label"
                for="password"
              >
                Password
              </label>
            </div>
            <div
              class="TextInput__TextInput___36-K- TextInput__TextInput--full___1EJEW"
            >
              <input
                aria-label="password"
                class="TextInput__TextInput__input___27vDB a11y__focus-border--default___60AXp"
                data-test-id="cf-ui-text-input"
                id="password"
                name="password"
                type="password"
                value=""
              />
            </div>
          </div>
          <div
            class="mt-8 flex justify-between items-center"
          >
            <div
              class="ControlledInputField__ControlledInputField___2uIG9"
              data-test-id="cf-ui-checkbox-field"
            >
              <input
                aria-label="Remember me"
                class="ControlledInput__ControlledInput___2XK3j ControlledInputField__ControlledInputField__input___3OMYB"
                data-test-id="cf-ui-controlled-input"
                id="rememberMe"
                name="rememberMe"
                type="checkbox"
                value=""
              />
              <div>
                <label
                  class="FormLabel__FormLabel___3d6zQ ControlledInputField__ControlledInputField__label___a9J52"
                  data-test-id="cf-ui-form-label"
                  for="rememberMe"
                >
                  Remember me
                </label>
              </div>
            </div>
            <button
              class="Button__Button___1ZfFj a11y__focus-border--default___60AXp Button__Button--primary___JImeO"
              data-test-id="cf-ui-button"
              type="submit"
            >
              <span
                class="TabFocusTrap__TabFocusTrap___39Vty Button__Button__inner-wrapper___3qrNC"
                tabindex="-1"
              >
                <span
                  class="Button__Button__label___3tcOj"
                >
                  Sign in
                </span>
              </span>
            </button>
          </div>
        </form>
      </div>
    </div>
  </div>
</DocumentFragment>
`;
